****************************************
Report : design
Design : fifo
Version: U-2022.12-SP5
Date   : Sun Dec 15 04:12:44 2024
****************************************

Design Attribute                         Value
---------------------------------------------------------------------------
Operating Conditions:
  analysis_type                          on_chip_variation
  operating_condition_min_name           tt_1p2v_25c
  process_min                            1
  temperature_min                        25
  voltage_min                            1.2
  tree_type_min                          balanced_case

  operating_condition_max_name           tt_1p2v_25c
  process_max                            1
  temperature_max                        25
  voltage_max                            1.2
  tree_type_max                          balanced_case

Wire Load:                               (use report_wire_load for more information)
  wire_load_mode                         top
  wire_load_model_max                    --
  wire_load_model_min                    --
  wire_load_selection_group_max          --
  wire_load_selection_group_min          --
  wire_load_min_block_size               0

Design Rules:
  max_capacitance                        --
  min_capacitance                        --
  max_fanout                             --
  max_transition                         --
  static_integrity                       --
  dynamic_integrity                      --
  max_coupled_transition                 --
  max_area                               --

Timing Ranges:
  early_factor                           --
  late_factor                            --

Pin Input Delays:
None specified.

Pin Output Delays:
None specified.
Fast Analysis:                           disabled

1
****************************************
Report : reference
Design : fifo
Version: U-2022.12-SP5
Date   : Sun Dec 15 04:12:44 2024
****************************************


Attributes:
    b - black-box (unknown)
    h - hierarchical
    n - noncombinational
    u - contains unmapped logic
    A - abstracted timing model
    E - extracted timing model
    S - Stamp timing model
    Q - Quick timing model (QTM)

Reference          Library       Unit Area   Count    Total Area   Attributes
--------------------------------------------------------------------------------
AO22XLTS           scx3_cmos8rf_lpvt_tt_1p2v_25c
                                   10.08     16        161.28      
AOI2BB2XLTS        scx3_cmos8rf_lpvt_tt_1p2v_25c
                                   10.08     1          10.08      
DFFRXLTS           scx3_cmos8rf_lpvt_tt_1p2v_25c
                                   33.12     18        596.16      n
INVX2TS            scx3_cmos8rf_lpvt_tt_1p2v_25c
                                    4.32     17         73.44      
NAND2X1TS          scx3_cmos8rf_lpvt_tt_1p2v_25c
                                    5.76     1           5.76      
OAI2BB2XLTS        scx3_cmos8rf_lpvt_tt_1p2v_25c
                                   10.08     1          10.08      
XOR2X1TS           scx3_cmos8rf_lpvt_tt_1p2v_25c
                                   11.52     1          11.52      
--------------------------------------------------------------------------------
Total 7 references                                     868.32
1
****************************************
Report : constraint
Design : fifo
Version: U-2022.12-SP5
Date   : Sun Dec 15 04:12:44 2024
****************************************

                                                   Weighted
    Group (max_delay/setup)      Cost     Weight     Cost
    -----------------------------------------------------
    clk2                         0.00      1.00      0.00
    -----------------------------------------------------
    max_delay/setup                                  0.00

                                                   Weighted
    Group (min_delay/hold)       Cost     Weight     Cost
    -----------------------------------------------------
    clk2                         0.00      1.00      0.00
    -----------------------------------------------------
    min_delay/hold                                   0.00

    Constraint                                       Cost
    -----------------------------------------------------
    max_delay/setup                                  0.00  (MET)
    min_delay/hold                                   0.00  (MET)
    sequential_clock_pulse_width                     0.00  (MET)
    sequential_clock_min_period                      0.00  (MET)
    max_capacitance                                  0.00  (MET)
    max_transition                                   1.40  (VIOLATED)

1
****************************************
Report : constraint
	-all_violators
	-path slack_only
Design : fifo
Version: U-2022.12-SP5
Date   : Sun Dec 15 04:12:44 2024
****************************************




   max_transition

                             Required        Actual
   Pin                      Transition     Transition        Slack
   -----------------------------------------------------------------
   dout_reg_0_/CK             0.5160         0.5981        -0.0821  (VIOLATED)
   dout_reg_1_/CK             0.5160         0.5981        -0.0821  (VIOLATED)
   dout_reg_2_/CK             0.5160         0.5981        -0.0821  (VIOLATED)
   dout_reg_3_/CK             0.5160         0.5981        -0.0821  (VIOLATED)
   dout_reg_4_/CK             0.5160         0.5981        -0.0821  (VIOLATED)
   dout_reg_5_/CK             0.5160         0.5981        -0.0821  (VIOLATED)
   dout_reg_6_/CK             0.5160         0.5981        -0.0821  (VIOLATED)
   dout_reg_7_/CK             0.5160         0.5981        -0.0821  (VIOLATED)
   dout_reg_8_/CK             0.5160         0.5981        -0.0821  (VIOLATED)
   dout_reg_9_/CK             0.5160         0.5981        -0.0821  (VIOLATED)
   dout_reg_10_/CK            0.5160         0.5981        -0.0821  (VIOLATED)
   dout_reg_11_/CK            0.5160         0.5981        -0.0821  (VIOLATED)
   dout_reg_12_/CK            0.5160         0.5981        -0.0821  (VIOLATED)
   dout_reg_13_/CK            0.5160         0.5981        -0.0821  (VIOLATED)
   dout_reg_14_/CK            0.5160         0.5981        -0.0821  (VIOLATED)
   dout_reg_15_/CK            0.5160         0.5981        -0.0821  (VIOLATED)
   wptr_reg/CK                0.5160         0.5981        -0.0821  (VIOLATED)


1
****************************************
Report : timing
	-path_type full
	-delay_type min_max
	-max_paths 1
	-sort_by slack
Design : fifo
Version: U-2022.12-SP5
Date   : Sun Dec 15 04:12:44 2024
****************************************


  Startpoint: ren (input port clocked by clk2)
  Endpoint: rptr_reg (rising edge-triggered flip-flop clocked by clk2)
  Path Group: clk2
  Path Type: min

  Point                                    Incr       Path
  ---------------------------------------------------------------
  clock clk2 (rise edge)                 0.0000     0.0000
  clock network delay (ideal)            0.0000     0.0000
  input external delay                   0.0500     0.0500 r
  ren (in)                               0.0325     0.0825 r
  U42/Y (OAI2BB2XLTS)                    0.1106     0.1931 f
  rptr_reg/D (DFFRXLTS)                  0.0000     0.1931 f
  data arrival time                                 0.1931

  clock clk2 (rise edge)                 0.0000     0.0000
  clock network delay (ideal)            0.0000     0.0000
  clock reconvergence pessimism          0.0000     0.0000
  rptr_reg/CK (DFFRXLTS)                            0.0000 r
  library hold time                     -0.0465    -0.0465
  data required time                               -0.0465
  ---------------------------------------------------------------
  data required time                               -0.0465
  data arrival time                                -0.1931
  ---------------------------------------------------------------
  slack (MET)                                       0.2396



  Startpoint: rptr_reg (rising edge-triggered flip-flop clocked by clk2)
  Endpoint: rptr_reg (rising edge-triggered flip-flop clocked by clk2)
  Path Group: clk2
  Path Type: max

  Point                                    Incr       Path
  ---------------------------------------------------------------
  clock clk2 (rise edge)                 0.0000     0.0000
  clock network delay (ideal)            0.0000     0.0000
  rptr_reg/CK (DFFRXLTS)                 0.0000     0.0000 r
  rptr_reg/QN (DFFRXLTS)                 0.7929     0.7929 f
  U42/Y (OAI2BB2XLTS)                    0.2289     1.0218 r
  rptr_reg/D (DFFRXLTS)                  0.0000     1.0218 r
  data arrival time                                 1.0218

  clock clk2 (rise edge)               100.0000   100.0000
  clock network delay (ideal)            0.0000   100.0000
  clock reconvergence pessimism          0.0000   100.0000
  rptr_reg/CK (DFFRXLTS)                          100.0000 r
  library setup time                    -0.4770    99.5230
  data required time                               99.5230
  ---------------------------------------------------------------
  data required time                               99.5230
  data arrival time                                -1.0218
  ---------------------------------------------------------------
  slack (MET)                                      98.5012


1
****************************************
Report : Switching Activity
	
Design : fifo
Version: U-2022.12-SP5
Date   : Sun Dec 15 04:12:44 2024
****************************************

 Switching Activity Overview Statistics for "fifo"
----------------------------------------------------------------------------------------------------------------------------------------------------------------------------------------------
                  From Activity     From         From         From             From            From                                                            Not
Object Type       File (%)          SSA (%)      SSA Force (%) SSA Force (%)   SCA (%)         Clock (%)       Default (%)     Propagated(%)   Implied(%)      Annotated(%)  Total
                                                 Annotated    Implied                                                                                                        
----------------------------------------------------------------------------------------------------------------------------------------------------------------------------------------------
 Nets             76(100.00%)       0(0.00%)     0(0.00%)     0(0.00%)         0(0.00%)        0(0.00%)        0(0.00%)        0(0.00%)        0(0.00%)        0(0.00%)      76
----------------------------------------------------------------------------------------------------------------------------------------------------------------------------------------------
Nets Driven by
----------------------------------------------------------------------------------------------------------------------------------------------------------------------------------------------
Primary Input     21(100.00%)       0(0.00%)     0(0.00%)     0(0.00%)         0(0.00%)        0(0.00%)        0(0.00%)        0(0.00%)        0(0.00%)        0(0.00%)      21
Tri-State         0(0%)             0(0%)        0(0%)        0(0%)            0(0%)           0(0%)           0(0%)           0(0%)           0(0%)           0(0%)         0
Black Box         0(0%)             0(0%)        0(0%)        0(0%)            0(0%)           0(0%)           0(0%)           0(0%)           0(0%)           0(0%)         0
Sequential        18(100.00%)       0(0.00%)     0(0.00%)     0(0.00%)         0(0.00%)        0(0.00%)        0(0.00%)        0(0.00%)        0(0.00%)        0(0.00%)      18
Combinational     37(100.00%)       0(0.00%)     0(0.00%)     0(0.00%)         0(0.00%)        0(0.00%)        0(0.00%)        0(0.00%)        0(0.00%)        0(0.00%)      37
Memory            0(0%)             0(0%)        0(0%)        0(0%)            0(0%)           0(0%)           0(0%)           0(0%)           0(0%)           0(0%)         0
Clock Gate        0(0%)             0(0%)        0(0%)        0(0%)            0(0%)           0(0%)           0(0%)           0(0%)           0(0%)           0(0%)         0
----------------------------------------------------------------------------------------------------------------------------------------------------------------------------------------------
 Static Probability Overview Statistics for "fifo"
----------------------------------------------------------------------------------------------------------------------------------------------------------------------------------------------
                  From Activity     From         From         From             From            From                                                            Not
Object Type       File (%)          SSA (%)      SSA Force (%) SSA Force (%)   SCA (%)         Clock (%)       Default (%)     Propagated(%)   Implied(%)      Annotated(%)  Total
                                                 Annotated    Implied                                                                                                        
----------------------------------------------------------------------------------------------------------------------------------------------------------------------------------------------
 Nets             76(100.00%)       0(0.00%)     0(0.00%)     0(0.00%)         0(0.00%)        0(0.00%)        0(0.00%)        0(0.00%)        0(0.00%)        0(0.00%)      76
----------------------------------------------------------------------------------------------------------------------------------------------------------------------------------------------
Nets Driven by
----------------------------------------------------------------------------------------------------------------------------------------------------------------------------------------------
Primary Input     21(100.00%)       0(0.00%)     0(0.00%)     0(0.00%)         0(0.00%)        0(0.00%)        0(0.00%)        0(0.00%)        0(0.00%)        0(0.00%)      21
Tri-State         0(0%)             0(0%)        0(0%)        0(0%)            0(0%)           0(0%)           0(0%)           0(0%)           0(0%)           0(0%)         0
Black Box         0(0%)             0(0%)        0(0%)        0(0%)            0(0%)           0(0%)           0(0%)           0(0%)           0(0%)           0(0%)         0
Sequential        18(100.00%)       0(0.00%)     0(0.00%)     0(0.00%)         0(0.00%)        0(0.00%)        0(0.00%)        0(0.00%)        0(0.00%)        0(0.00%)      18
Combinational     37(100.00%)       0(0.00%)     0(0.00%)     0(0.00%)         0(0.00%)        0(0.00%)        0(0.00%)        0(0.00%)        0(0.00%)        0(0.00%)      37
Memory            0(0%)             0(0%)        0(0%)        0(0%)            0(0%)           0(0%)           0(0%)           0(0%)           0(0%)           0(0%)         0
Clock Gate        0(0%)             0(0%)        0(0%)        0(0%)            0(0%)           0(0%)           0(0%)           0(0%)           0(0%)           0(0%)         0
----------------------------------------------------------------------------------------------------------------------------------------------------------------------------------------------
1
****************************************
Report : Switching Activity
	-list_not_annotated
Design : fifo
Version: U-2022.12-SP5
Date   : Sun Dec 15 04:12:44 2024
****************************************

 Switching Activity Overview Statistics for "fifo"
----------------------------------------------------------------------------------------------------------------------------------------------------------------------------------------------
                  From Activity     From         From         From             From            From                                                            Not
Object Type       File (%)          SSA (%)      SSA Force (%) SSA Force (%)   SCA (%)         Clock (%)       Default (%)     Propagated(%)   Implied(%)      Annotated(%)  Total
                                                 Annotated    Implied                                                                                                        
----------------------------------------------------------------------------------------------------------------------------------------------------------------------------------------------
 Nets             76(100.00%)       0(0.00%)     0(0.00%)     0(0.00%)         0(0.00%)        0(0.00%)        0(0.00%)        0(0.00%)        0(0.00%)        0(0.00%)      76
----------------------------------------------------------------------------------------------------------------------------------------------------------------------------------------------
Nets Driven by
----------------------------------------------------------------------------------------------------------------------------------------------------------------------------------------------
Primary Input     21(100.00%)       0(0.00%)     0(0.00%)     0(0.00%)         0(0.00%)        0(0.00%)        0(0.00%)        0(0.00%)        0(0.00%)        0(0.00%)      21
Tri-State         0(0%)             0(0%)        0(0%)        0(0%)            0(0%)           0(0%)           0(0%)           0(0%)           0(0%)           0(0%)         0
Black Box         0(0%)             0(0%)        0(0%)        0(0%)            0(0%)           0(0%)           0(0%)           0(0%)           0(0%)           0(0%)         0
Sequential        18(100.00%)       0(0.00%)     0(0.00%)     0(0.00%)         0(0.00%)        0(0.00%)        0(0.00%)        0(0.00%)        0(0.00%)        0(0.00%)      18
Combinational     37(100.00%)       0(0.00%)     0(0.00%)     0(0.00%)         0(0.00%)        0(0.00%)        0(0.00%)        0(0.00%)        0(0.00%)        0(0.00%)      37
Memory            0(0%)             0(0%)        0(0%)        0(0%)            0(0%)           0(0%)           0(0%)           0(0%)           0(0%)           0(0%)         0
Clock Gate        0(0%)             0(0%)        0(0%)        0(0%)            0(0%)           0(0%)           0(0%)           0(0%)           0(0%)           0(0%)         0
----------------------------------------------------------------------------------------------------------------------------------------------------------------------------------------------
 Static Probability Overview Statistics for "fifo"
----------------------------------------------------------------------------------------------------------------------------------------------------------------------------------------------
                  From Activity     From         From         From             From            From                                                            Not
Object Type       File (%)          SSA (%)      SSA Force (%) SSA Force (%)   SCA (%)         Clock (%)       Default (%)     Propagated(%)   Implied(%)      Annotated(%)  Total
                                                 Annotated    Implied                                                                                                        
----------------------------------------------------------------------------------------------------------------------------------------------------------------------------------------------
 Nets             76(100.00%)       0(0.00%)     0(0.00%)     0(0.00%)         0(0.00%)        0(0.00%)        0(0.00%)        0(0.00%)        0(0.00%)        0(0.00%)      76
----------------------------------------------------------------------------------------------------------------------------------------------------------------------------------------------
Nets Driven by
----------------------------------------------------------------------------------------------------------------------------------------------------------------------------------------------
Primary Input     21(100.00%)       0(0.00%)     0(0.00%)     0(0.00%)         0(0.00%)        0(0.00%)        0(0.00%)        0(0.00%)        0(0.00%)        0(0.00%)      21
Tri-State         0(0%)             0(0%)        0(0%)        0(0%)            0(0%)           0(0%)           0(0%)           0(0%)           0(0%)           0(0%)         0
Black Box         0(0%)             0(0%)        0(0%)        0(0%)            0(0%)           0(0%)           0(0%)           0(0%)           0(0%)           0(0%)         0
Sequential        18(100.00%)       0(0.00%)     0(0.00%)     0(0.00%)         0(0.00%)        0(0.00%)        0(0.00%)        0(0.00%)        0(0.00%)        0(0.00%)      18
Combinational     37(100.00%)       0(0.00%)     0(0.00%)     0(0.00%)         0(0.00%)        0(0.00%)        0(0.00%)        0(0.00%)        0(0.00%)        0(0.00%)      37
Memory            0(0%)             0(0%)        0(0%)        0(0%)            0(0%)           0(0%)           0(0%)           0(0%)           0(0%)           0(0%)         0
Clock Gate        0(0%)             0(0%)        0(0%)        0(0%)            0(0%)           0(0%)           0(0%)           0(0%)           0(0%)           0(0%)         0
----------------------------------------------------------------------------------------------------------------------------------------------------------------------------------------------


List of nonannotated nets :
1
****************************************
Report : Time Based Power
Design : fifo
Version: U-2022.12-SP5
Date   : Sun Dec 15 04:12:44 2024
****************************************



  Attributes
  ----------
      i  -  Including register clock pin internal power
      u  -  User defined power group

                        Internal  Switching  Leakage    Total
Power Group             Power     Power      Power      Power   (     %)  Attrs
--------------------------------------------------------------------------------
clock_network           1.569e-08    0.0000    0.0000 1.569e-08 (60.34%)  i
register                1.921e-10 1.830e-11 3.903e-11 2.495e-10 ( 0.96%)  
combinational           1.475e-09 1.315e-09 2.503e-10 3.041e-09 (11.70%)  
sequential              6.030e-09 3.227e-10 6.656e-10 7.018e-09 (27.00%)  
memory                     0.0000    0.0000    0.0000    0.0000 ( 0.00%)  
io_pad                     0.0000    0.0000    0.0000    0.0000 ( 0.00%)  
black_box                  0.0000    0.0000    0.0000    0.0000 ( 0.00%)  

  Net Switching Power  = 1.656e-09   ( 6.37%)
  Cell Internal Power  = 2.338e-08   (89.95%)
  Cell Leakage Power   = 9.549e-10   ( 3.67%)
                         ---------
Total Power            = 2.600e-08  (100.00%)

X Transition Power     =    0.0000
Glitching Power        =    0.0000

Peak Power             = 1.318e-03
Peak Time              = 450000.203

1
****************************************
Report : Time Based Power
	-hierarchy
Design : fifo
Version: U-2022.12-SP5
Date   : Sun Dec 15 04:12:44 2024
****************************************



                                      Int      Switch   Leak     Total
Hierarchy                             Power    Power    Power    Power    %
----------------------------------------------------------------------------------
fifo                                  2.34e-08 1.66e-09 9.55e-10 2.60e-08 100.0


                                      Peak     Peak            Glitch   X-tran
Hierarchy                             Power    Time            Power    Power
--------------------------------------------------------------------------------
fifo                                  1.32e-03 450000.203-450000.204
                                                                  0.000    0.000
1
