0000000000000000
0010100001100100
1010011100000010
1010110111010110
0011100010000111
1010111100111010
1011100011010101
0011111010001011
1011110010001011
0011010001110101
0011010001100101
1011110000100011
0010110010111111
1011011101000001
1011110001000011
0011010101001111
0011100011011011
0011100110000101
0011011011100110
0011101100110101
0011010111111010
1011110101110010
0011100010010111
0011101110101111
1011110010110010
0011011111010010
1011110010000010
1100000101011101
0011110000100010
0010110111101101
0011110111000010
1011001110110011
0100000001110101
1011111001111111
0011111101001100
1100000010100101
1100000010111101
0011101001111110
1011100110111111
0100000111000000
1100000010011001
1011100010100111
0011110101101001
1011010011010100
1011111100000000
0011110100010111
0011110101010100
1011011001010111
0100000010110011
1100001001110110
0100000100110111
1011111011111000
0100001000110011
0011110100011000
1100010101101101
0011110001100001
1100001101011001
0100001101110000
1100010101011010
0011011001000010
1100001101000011
0100010111101101
1100000000011111
0100010010110010
0011100011101010
0011000001100011
0100010111010111
1100010011111101
0100000001101110
1100010001110011
0100000011000110
1100010110011111
0011111110111011
1100000011011100
0011000110111000
1011010010000011
1011101001100100
0100010110001001
1100000100101111
1011001011101001
1100000100001001
0100011110100010
0011100001000110
1100001001011010
0100001001100010
1011100011011010
0011011111111011
1011111000110000
0010111110100101
1100000001111101
0011110010010110
1011110010110110
0010101001000010
0100000011101101
1100001111101000
0100000010001011
1011001000000110
0100000010101010
1011110101111010
0011100100110111
0011111001001001
1011001001100001
1100001100110101
1100010011100110
0011110100100001
0011101011111110
0100000110111101
1100100000001001
0100010000000111
0100001110101010
0011001001011000
0011000001000101
1011111101110001
0100000011011100
1100010010000001
0011100011010110
0011111011100010
0100000101000101
1011110100010000
1011001100101101
0011110000111011
1011111011001001
0100010101110011
1100010101100110
0011110110000011
1011110001100010
0100000000111111
1100000000111111
