    0
52776
57712
 4673
63305
38513
32828
10373
44544
64727
55681
16108
11772
63716
36000
 6967
 9353
49084
 8990
11855
25040
 7863
24986
45104
55757
 7520
10941
45670
59412
 6862
63561
12199
51995
64250
59464
22838
12879
32368
 1534
38432
28872
57992
28734
 3004
16809
49747
18992
15592
 8738
40716
24953
29876
40704
48834
46032
59555
50098
26040
45201
 5458
47493
10889
32142
55499
52451
52776
57712
 4673
63305
38513
32828
10373
44544
64727
55681
16108
11772
63716
36000
 6967
 9353
49084
 8990
11855
25040
 7863
24986
45104
55757
 7520
10941
45670
59412
 6862
63561
12199
51995
64250
59464
22838
12879
32368
 1534
38432
28872
57992
28734
 3004
16809
49747
18992
15592
 8738
40716
24953
29876
40704
48834
46032
59555
50098
26040
45201
 5458
47493
10889
32142
55499
